// Jest Snapshot v1, https://goo.gl/fbAQLP

exports[`make snapshot renders 1`] = `
<div>
  <label
    class="results-sort_header"
  >
    sort by
    <select
      class="results-sort_list"
    >
      <option
        class="result-sort-item"
        value=""
      >
        rating
      </option>
      <option
        class="result-sort-item"
        value="release_date"
      >
        Release Date
      </option>
      <option
        class="result-sort-item"
        value="title"
      >
        Title
      </option>
      <option
        class="result-sort-item"
        value="genre"
      >
        Genre
      </option>
    </select>
  </label>
</div>
`;
