// Jest Snapshot v1, https://goo.gl/fbAQLP

exports[`make snapshot renders 1`] = `
<div>
  <div
    class="search-input_wrapper"
  >
    <h3
      class="search-input_header"
    >
      Find your movie
    </h3>
    <input
      class="search-input_input"
      placeholder="What do you want to watch?"
      value=""
    />
    <button
      class="search-input_button"
    >
       search 
    </button>
  </div>
</div>
`;
